VBCSCompilerPreWarmer: WARNING: Expected Unity analyzer DLL not found at 'C:/Program Files/Unity/Hub/Editor/6000.6.0f1/Editor/Data/Tools/BuildPipeline/Unity.Analyzers.Common/Unity.Analyzers.Common.dll' but it wasn't
VBCSCompilerPreWarmer: WARNING: Expected Unity analyzer DLL not found at 'C:/Program Files/Unity/Hub/Editor/6000.6.0f1/Editor/Data/Tools/BuildPipeline/Unity.Analyzers.LongLiving/Unity.Analyzers.LongLiving.dll' but it wasn't
VBCSCompilerPreWarmer: WARNING: Expected Unity analyzer DLL not found at 'C:/Program Files/Unity/Hub/Editor/6000.6.0f1/Editor/Data/Tools/BuildPipeline/Unity.SourceGenerators/Unity.Properties.SourceGenerator.dll' but it wasn't
VBCSCompilerPreWarmer: WARNING: Expected Unity analyzer DLL not found at 'C:/Program Files/Unity/Hub/Editor/6000.6.0f1/Editor/Data/Tools/BuildPipeline/Unity.SourceGenerators/Unity.SourceGenerators.dll' but it wasn't
VBCSCompilerPreWarmer: WARNING: Expected Unity analyzer DLL not found at 'C:/Program Files/Unity/Hub/Editor/6000.6.0f1/Editor/Data/Tools/BuildPipeline/Unity.SourceGenerators/Unity.UIToolkit.SourceGenerator.dll' but it wasn't
VBCSCompilerPreWarmer: pre-warm launched (dotnet PID 8812)
VBCSCompiler prewarm took 52.52 ms
[Licensing::Module] Trying to connect to existing licensing client channel...
Built from '6000.6/respin/6000.6.0f1-fa21a270ab12' branch; Version is '6000.6.0f1 (f7f8ed4d1e24) revision 16251117'; Using compiler version '194234433'; Build Type 'Release'
OS: 'Windows 10  (10.0.19045) 64bit Professional' Language: 'it' Physical Memory: 8136 MB
BatchMode: 0, IsHumanControllingUs: 1, StartBugReporterOnCrash: 1, Is64bit: 1
System  architecture: x64
Process architecture: x64
Date: 2026-09-04T23:46:40Z
[Licensing::IpcConnector] Successfully connected to: "LicenseClient-utente" at "2026-09-04T23:46:40.4733936Z"
[Licensing::Client] Code 10 while verifying Licensing Client signature (process Id: 10848, path: "C:/Program Files/Unity Hub/UnityLicensingClient_V1/Unity.Licensing.Client.exe")
[Licensing::Module] LicensingClient has failed validation; ignoring
[Licensing::Client] Handshaking with LicensingClient:
  Version:                 1.18.3+d7ffd15
  Session Id:              c544ca2a8df74a64bacee212fccf5f90
  Correlation Id:          eecd2034c0f2bea45d72a7a6dd096944
  External correlation Id: 524132409291600695
  Machine Id:              hU20+eYwF6PVBGJpYlKOl6jC/8M=
[Licensing::Module] Successfully connected to LicensingClient on channel: "LicenseClient-utente" (connect: 0.00s, validation: 0.00s, handshake: 0.09s)
[Licensing::IpcConnector] Successfully connected to: "LicenseClient-utente-notifications" at "2026-09-04T23:46:40.5732063Z"
[Licensing::Client] Successfully updated the access token
[Licensing::Module] Successfully updated the access token jdWWrM4HpZ...
[Licensing::Client] Successfully resolved entitlement details
[Licensing::Module] License group:
  Id: 1375835942238-UnityPersXXXX
  Product: Unity Personal
  Type: Assigned
  Expiration: Unlimited
[Licensing::Client] Successfully updated license, isAsync: True, time: 0.02
[Licensing::Client] Successfully resolved entitlement details
[Licensing::Module] Licensing Background thread has ended after 0.14s
Error creating external process 'C:/Program Files/Unity/Hub/Editor/6000.6.0f1/Editor/Data/Resources/PackageManager/Server/UnityPackageManager.exe' : Impossibile trovare il percorso specificato.
Error cleaning up external process: Handle non valido.
[Package Manager] Cannot start server process [path: `C:/Program Files/Unity/Hub/Editor/6000.6.0f1/Editor/Data/Resources/PackageManager/Server/UnityPackageManager.exe`]

COMMAND LINE ARGUMENTS:
C:\Program Files\Unity\Hub\Editor\6000.6.0f1\Editor\Unity.exe
-createproject
D:\gioco per ari\Unity_Fork\Last_Seen_04.26
-cloneFromTemplate
C:\Program Files\Unity\Hub\Editor\6000.6.0f1\Editor\Data\Resources\PackageManager\ProjectTemplates\com.unity.template.urp-blank-17.2.1.tgz
-cloudOrganization
1375835942246
-cloudProject
e4c5474e-7edc-477e-b104-149e8d0b5381
-cloudEnvironment
production
-useHub
-hubIPC
-hubSessionId
f6be9dc2-168a-4574-9d30-b017e023fc93
-accessToken
jdWWrM4HpZ--oh1wMXQL0j3HMvNGOPr6V0I38aOdI_U001f
D:/gioco per ari/Unity_Fork/Last_Seen_04.26
[UnityMemory] Configuration Parameters - Can be set up in boot.config
    "memorysetup-temp-allocator-size-gi-baking-worker=262144"
    "memorysetup-temp-allocator-size-gi-baking-worker=262144"
    "memorysetup-temp-allocator-size-gi-baking-worker=262144"
    "memorysetup-temp-allocator-size-gi-baking-worker=262144"
    "memorysetup-temp-allocator-size-gi-baking-worker=262144"
    "memorysetup-temp-allocator-size-nav-mesh-worker=65536"
    "memorysetup-temp-allocator-size-audio-worker=65536"
    "memorysetup-temp-allocator-size-cloud-worker=32768"
    "memorysetup-temp-allocator-size-gfx=262144"
    "memorysetup-remapper-allocator-initial-capacity=32768"
    "memorysetup-temp-allocator-size-preload-manager=33554432"
    "memorysetup-allocator-temp-initial-block-size-main=262144"
    "memorysetup-allocator-temp-initial-block-size-worker=262144"
    "memorysetup-temp-allocator-size-job-worker=262144"
    "memorysetup-temp-allocator-size-background-worker=32768"
    "memorysetup-bucket-allocator-granularity=16"
    "memorysetup-bucket-allocator-bucket-count=8"
    "memorysetup-bucket-allocator-block-size=33554432"
    "memorysetup-bucket-allocator-block-count=8"
    "memorysetup-main-allocator-block-size=16777216"
    "memorysetup-thread-allocator-block-size=16777216"
    "memorysetup-main-allocator-mimalloc-enabled=1"
    "memorysetup-gfx-main-allocator-block-size=16777216"
    "memorysetup-gfx-thread-allocator-block-size=16777216"
    "memorysetup-cache-allocator-block-size=4194304"
    "memorysetup-typetree-allocator-block-size=2097152"
    "memorysetup-profiler-bucket-allocator-granularity=16"
    "memorysetup-profiler-bucket-allocator-bucket-count=8"
    "memorysetup-profiler-bucket-allocator-block-size=33554432"
    "memorysetup-profiler-bucket-allocator-block-count=8"
    "memorysetup-profiler-allocator-block-size=16777216"
    "memorysetup-profiler-editor-allocator-block-size=1048576"
    "memorysetup-temp-allocator-size-main=16777216"
    "memorysetup-job-temp-allocator-block-size=2097152"
    "memorysetup-job-temp-allocator-block-size-background=1048576"
    "memorysetup-job-temp-allocator-reduction-small-platforms=262144"
Player connection [432]  Target information:

Player connection [432]  * "[IP] 192.168.0.213 [Port] 55504 [Flags] 2 [Guid] 4122342980 [EditorId] 4122342980 [Version] 1048832 [Id] WindowsEditor(7,DESKTOP-TCON8CE) [Debug] 1 [PackageName] WindowsEditor [ProjectName] Editor" 

Player connection [432] Host joined multi-casting on [225.0.0.222:54997]...
Player connection [432] Host joined alternative multi-casting on [225.0.0.222:34997]...
Input System module state changed to: Initialized.
[Physics::Module] Initialized fallback backend.
[Physics::Module] Id: 0xdecafbad
Failed to load ASTC compressor library from astcenc-avx2
Error decompressing GZ: Could not start task C:/Program Files/Unity/Hub/Editor/6000.6.0f1/Editor/Data/Tools/7z.exe: failed to launch process: Impossibile trovare il percorso specificato.

Details: path='C:\Program Files\Unity\Hub\Editor\6000.6.0f1\Editor\Data\Resources\PackageManager\ProjectTemplates\com.unity.template.urp-blank-17.2.1.tgz' shortpath='C:\Program Files\Unity\Hub\Editor\6000.6.0f1\Editor\Data\Resources\PackageManager\ProjectTemplates\com.unity.template.urp-blank-17.2.1.tgz' out='Temp/TarGZ'
[ExitDontLaunchBugReporter] Exiting without the bug reporter. Application will exit with return code 1
